../Core/Src/dshot.c:35:6:dshot_init	16	static
../Core/Src/dshot.c:42:6:dshot_write	16	static
../Core/Src/dshot.c:54:17:dshot_choose_type	16	static
../Core/Src/dshot.c:70:13:dshot_set_timer	32	static
../Core/Src/dshot.c:103:13:dshot_dma_tc_callback	24	static
../Core/Src/dshot.c:125:13:dshot_put_tc_callback_function	4	static
../Core/Src/dshot.c:142:13:dshot_start_pwm	8	static
../Core/Src/dshot.c:160:17:dshot_prepare_packet	32	static
../Core/Src/dshot.c:184:13:dshot_prepare_dmabuffer	24	static
../Core/Src/dshot.c:199:13:dshot_prepare_dmabuffer_all	16	static
../Core/Src/dshot.c:215:13:dshot_dma_start	8	static
../Core/Src/dshot.c:231:13:dshot_enable_dma_request	4	static
../Core/Src/dshot.c:247:6:dshot_arm	24	static
../Core/Src/dshot.c:261:6:enable_dshot_3d	24	static
../Core/Src/dshot.c:272:6:disable_dshot_3d	24	static
../Core/Src/dshot.c:283:6:dshot_reverse_direction	24	static
../Core/Src/dshot.c:295:6:dshot_normal_direction	24	static
../Core/Src/dshot.c:306:6:dshot_beep	16	static
../Core/Src/dshot.c:315:6:save_settings	24	static
