../Core/Src/dshot.c:35:6:dshot_init	16	static
../Core/Src/dshot.c:42:6:dshot_write	16	static
../Core/Src/dshot.c:54:17:dshot_choose_type	16	static
../Core/Src/dshot.c:70:13:dshot_set_timer	32	static
../Core/Src/dshot.c:97:13:dshot_dma_tc_callback	24	static
../Core/Src/dshot.c:119:13:dshot_put_tc_callback_function	4	static
../Core/Src/dshot.c:136:13:dshot_start_pwm	8	static
../Core/Src/dshot.c:146:17:dshot_prepare_packet	32	static
../Core/Src/dshot.c:170:13:dshot_prepare_dmabuffer	24	static
../Core/Src/dshot.c:185:13:dshot_prepare_dmabuffer_all	16	static
../Core/Src/dshot.c:193:13:dshot_dma_start	8	static
../Core/Src/dshot.c:201:13:dshot_enable_dma_request	4	static
../Core/Src/dshot.c:209:6:dshot_arm	24	static
../Core/Src/dshot.c:222:6:dshot_disarm	24	static
../Core/Src/dshot.c:235:6:enable_dshot_3d	24	static
../Core/Src/dshot.c:246:6:disable_dshot_3d	24	static
../Core/Src/dshot.c:257:6:reverse_direction	24	static
../Core/Src/dshot.c:268:6:normal_direction	24	static
../Core/Src/dshot.c:279:6:beep	16	static
../Core/Src/dshot.c:288:6:save_settings	24	static
