../Core/Src/dshot.c:34:6:dshot_init	16	static
../Core/Src/dshot.c:41:6:dshot_write	16	static
../Core/Src/dshot.c:49:17:dshot_choose_type	16	static
../Core/Src/dshot.c:65:13:dshot_set_timer	32	static
../Core/Src/dshot.c:92:13:dshot_dma_tc_callback	24	static
../Core/Src/dshot.c:114:13:dshot_put_tc_callback_function	4	static
../Core/Src/dshot.c:131:13:dshot_start_pwm	8	static
../Core/Src/dshot.c:141:17:dshot_prepare_packet	32	static
../Core/Src/dshot.c:165:13:dshot_prepare_dmabuffer	24	static
../Core/Src/dshot.c:180:13:dshot_prepare_dmabuffer_all	16	static
../Core/Src/dshot.c:188:13:dshot_dma_start	8	static
../Core/Src/dshot.c:196:13:dshot_enable_dma_request	4	static
../Core/Src/dshot.c:204:6:dshot_arm	24	static
../Core/Src/dshot.c:216:6:dshot_disarm	24	static
